2026-10-06 10:12:24.255 [main] DEBUG Archivos.Boletin.Ejercicio2 - Carpeta / Directorio : pr
2026-10-06 10:12:24.257 [main] DEBUG Archivos.Boletin.Ejercicio2 - C:\Users\alumno\Desktop\2\App_Web\pr
2026-10-06 10:12:24.257 [main] DEBUG Archivos.Boletin.Ejercicio2 - pr.txt
2026-10-06 10:12:24.257 [main] DEBUG Archivos.Boletin.Ejercicio2 - C:\Users\alumno\Desktop\2\App_Web
2026-10-06 10:12:24.258 [main] DEBUG Archivos.Boletin.Ejercicio2 - pr.txt
2026-10-06 10:12:37.564 [main] DEBUG Archivos.Boletin.Ejercicio2 - Carpeta / Directorio : pr
2026-10-06 10:12:37.566 [main] DEBUG Archivos.Boletin.Ejercicio2 - C:\Users\alumno\Desktop\2\App_Web\pr
2026-10-06 10:12:37.566 [main] DEBUG Archivos.Boletin.Ejercicio2 - pr.txt
2026-10-06 10:12:37.566 [main] DEBUG Archivos.Boletin.Ejercicio2 - C:\Users\alumno\Desktop\2\App_Web
2026-10-06 10:12:37.566 [main] DEBUG Archivos.Boletin.Ejercicio2 - pr.txt
2026-10-06 10:16:25.695 [main] DEBUG Archivos.Boletin.Ejercicio3 - Directorio creado.C:\Users\alumno\miDirectorio
2026-10-06 10:16:25.698 [main] DEBUG Archivos.Boletin.Ejercicio3 - Archivo lectura.txt creado
2026-10-06 10:16:25.698 [main] DEBUG Archivos.Boletin.Ejercicio3 - Archivo normal.txt creado
2026-10-06 10:16:25.698 [main] DEBUG Archivos.Boletin.Ejercicio3 - lectura.txt -> lectura: false | escritura: false | ejecucion: false
2026-10-06 10:16:25.698 [main] DEBUG Archivos.Boletin.Ejercicio3 - normal.txt -> lectura: false | escritura: false | ejecucion: false
2026-10-06 10:16:25.699 [main] DEBUG Archivos.Boletin.Ejercicio3 - No se ha podido borrar lectura.txt
2026-10-06 10:16:25.699 [main] DEBUG Archivos.Boletin.Ejercicio3 - Permiso de escritura restuarado en lectura.txt
2026-10-06 10:16:25.699 [main] DEBUG Archivos.Boletin.Ejercicio3 - Contenido final de miDirectorio
2026-10-06 10:16:25.699 [main] DEBUG Archivos.Boletin.Ejercicio3 - El directorio está vacío.
2026-10-06 10:16:30.599 [main] DEBUG Archivos.Boletin.Ejercicio3 - Archivo lectura.txt creado
2026-10-06 10:16:30.601 [main] DEBUG Archivos.Boletin.Ejercicio3 - Archivo normal.txt creado
2026-10-06 10:16:30.601 [main] DEBUG Archivos.Boletin.Ejercicio3 - lectura.txt -> lectura: false | escritura: false | ejecucion: false
2026-10-06 10:16:30.601 [main] DEBUG Archivos.Boletin.Ejercicio3 - normal.txt -> lectura: false | escritura: false | ejecucion: false
2026-10-06 10:16:30.602 [main] DEBUG Archivos.Boletin.Ejercicio3 - No se ha podido borrar lectura.txt
2026-10-06 10:16:30.602 [main] DEBUG Archivos.Boletin.Ejercicio3 - Permiso de escritura restuarado en lectura.txt
2026-10-06 10:16:30.602 [main] DEBUG Archivos.Boletin.Ejercicio3 - Contenido final de miDirectorio
2026-10-06 10:16:30.602 [main] DEBUG Archivos.Boletin.Ejercicio3 - El directorio está vacío.
2026-10-06 10:17:01.961 [main] DEBUG Archivos.Boletin.Ejercicio3 - Archivo lectura.txt creado
2026-10-06 10:17:01.963 [main] DEBUG Archivos.Boletin.Ejercicio3 - Archivo normal.txt creado
2026-10-06 10:17:01.963 [main] DEBUG Archivos.Boletin.Ejercicio3 - lectura.txt -> lectura: false | escritura: false | ejecucion: false
2026-10-06 10:17:01.963 [main] DEBUG Archivos.Boletin.Ejercicio3 - normal.txt -> lectura: false | escritura: false | ejecucion: false
2026-10-06 10:17:01.964 [main] DEBUG Archivos.Boletin.Ejercicio3 - No se ha podido borrar lectura.txt
2026-10-06 10:17:01.964 [main] DEBUG Archivos.Boletin.Ejercicio3 - Permiso de escritura restuarado en lectura.txt
2026-10-06 10:17:01.964 [main] DEBUG Archivos.Boletin.Ejercicio3 - Contenido final de miDirectorio
2026-10-06 10:17:01.965 [main] DEBUG Archivos.Boletin.Ejercicio3 - El directorio está vacío.
2026-10-06 10:17:11.460 [main] DEBUG Archivos.Boletin.Ejercicio3 - Archivo lectura.txt creado
2026-10-06 10:17:11.461 [main] DEBUG Archivos.Boletin.Ejercicio3 - Archivo normal.txt creado
2026-10-06 10:17:11.462 [main] DEBUG Archivos.Boletin.Ejercicio3 - lectura.txt -> lectura: false | escritura: false | ejecucion: false
2026-10-06 10:17:11.462 [main] DEBUG Archivos.Boletin.Ejercicio3 - normal.txt -> lectura: false | escritura: false | ejecucion: false
2026-10-06 10:17:11.462 [main] DEBUG Archivos.Boletin.Ejercicio3 - No se ha podido borrar lectura.txt
2026-10-06 10:17:11.462 [main] DEBUG Archivos.Boletin.Ejercicio3 - Permiso de escritura restuarado en lectura.txt
2026-10-06 10:17:11.463 [main] DEBUG Archivos.Boletin.Ejercicio3 - Contenido final de miDirectorio
2026-10-06 10:17:11.463 [main] DEBUG Archivos.Boletin.Ejercicio3 - El directorio está vacío.
2026-10-06 10:17:33.252 [main] DEBUG Archivos.Boletin.Ejercicio3 - Archivo lectura.txt creado
2026-10-06 10:17:33.254 [main] DEBUG Archivos.Boletin.Ejercicio3 - Archivo normal.txt creado
2026-10-06 10:17:33.254 [main] DEBUG Archivos.Boletin.Ejercicio3 - lectura.txt -> lectura: false | escritura: false | ejecucion: false
2026-10-06 10:17:33.254 [main] DEBUG Archivos.Boletin.Ejercicio3 - normal.txt -> lectura: false | escritura: false | ejecucion: false
2026-10-06 10:17:33.255 [main] DEBUG Archivos.Boletin.Ejercicio3 - No se ha podido borrar lectura.txt
2026-10-06 10:17:33.255 [main] DEBUG Archivos.Boletin.Ejercicio3 - Permiso de escritura restuarado en lectura.txt
2026-10-06 10:17:33.255 [main] DEBUG Archivos.Boletin.Ejercicio3 - Contenido final de miDirectorio
2026-10-06 10:17:33.255 [main] DEBUG Archivos.Boletin.Ejercicio3 - El directorio está vacío.
