2026-10-08 08:22:58.329 [main] DEBUG Archivos.Boletin.Ejercicio3 - Archivo lectura.txt creado
2026-10-08 08:22:58.331 [main] DEBUG Archivos.Boletin.Ejercicio3 - Archivo normal.txt creado
2026-10-08 08:22:58.331 [main] DEBUG Archivos.Boletin.Ejercicio3 - lectura.txt -> lectura: false | escritura: false | ejecucion: false
2026-10-08 08:22:58.332 [main] DEBUG Archivos.Boletin.Ejercicio3 - normal.txt -> lectura: false | escritura: false | ejecucion: false
2026-10-08 08:22:58.332 [main] DEBUG Archivos.Boletin.Ejercicio3 - No se ha podido borrar lectura.txt
2026-10-08 08:22:58.332 [main] DEBUG Archivos.Boletin.Ejercicio3 - Permiso de escritura restuarado en lectura.txt
2026-10-08 08:22:58.332 [main] DEBUG Archivos.Boletin.Ejercicio3 - Contenido final de miDirectorio
2026-10-08 08:22:58.333 [main] DEBUG Archivos.Boletin.Ejercicio3 - El directorio está vacío.
2026-10-08 08:23:40.927 [main] DEBUG Archivos.Boletin.Ejercicio3 - Directorio creado.C:\Users\alumno\miDirectorio
2026-10-08 08:23:40.929 [main] DEBUG Archivos.Boletin.Ejercicio3 - Archivo lectura.txt creado
2026-10-08 08:23:40.929 [main] DEBUG Archivos.Boletin.Ejercicio3 - Archivo normal.txt creado
2026-10-08 08:23:40.929 [main] DEBUG Archivos.Boletin.Ejercicio3 - lectura.txt -> lectura: false | escritura: false | ejecucion: false
2026-10-08 08:23:40.929 [main] DEBUG Archivos.Boletin.Ejercicio3 - normal.txt -> lectura: false | escritura: false | ejecucion: false
2026-10-08 08:23:40.930 [main] DEBUG Archivos.Boletin.Ejercicio3 - No se ha podido borrar lectura.txt
2026-10-08 08:23:40.930 [main] DEBUG Archivos.Boletin.Ejercicio3 - Permiso de escritura restuarado en lectura.txt
2026-10-08 08:23:40.930 [main] DEBUG Archivos.Boletin.Ejercicio3 - Contenido final de miDirectorio
2026-10-08 08:23:40.930 [main] DEBUG Archivos.Boletin.Ejercicio3 - El directorio está vacío.
2026-10-08 08:24:09.492 [main] DEBUG Archivos.Boletin.Ejercicio3 - Archivo lectura.txt creado
2026-10-08 08:24:09.494 [main] DEBUG Archivos.Boletin.Ejercicio3 - Archivo normal.txt creado
2026-10-08 08:24:09.494 [main] DEBUG Archivos.Boletin.Ejercicio3 - lectura.txt -> lectura: false | escritura: false | ejecucion: false
2026-10-08 08:24:09.494 [main] DEBUG Archivos.Boletin.Ejercicio3 - normal.txt -> lectura: false | escritura: false | ejecucion: false
2026-10-08 08:24:09.494 [main] DEBUG Archivos.Boletin.Ejercicio3 - No se ha podido borrar lectura.txt
2026-10-08 08:24:09.495 [main] DEBUG Archivos.Boletin.Ejercicio3 - Permiso de escritura restuarado en lectura.txt
2026-10-08 08:24:09.495 [main] DEBUG Archivos.Boletin.Ejercicio3 - Contenido final de miDirectorio
2026-10-08 08:24:09.495 [main] DEBUG Archivos.Boletin.Ejercicio3 - El directorio está vacío.
2026-10-08 08:25:49.858 [main] DEBUG Archivos.Boletin.Ejercicio3 - Directorio creado.C:\Users\alumno\miDirectorio
2026-10-08 08:25:49.861 [main] DEBUG Archivos.Boletin.Ejercicio3 - Archivo lectura.txt creado
2026-10-08 08:25:49.861 [main] DEBUG Archivos.Boletin.Ejercicio3 - Archivo normal.txt creado
2026-10-08 08:25:49.861 [main] DEBUG Archivos.Boletin.Ejercicio3 - lectura.txt -> lectura: false | escritura: false | ejecucion: false
2026-10-08 08:25:49.861 [main] DEBUG Archivos.Boletin.Ejercicio3 - normal.txt -> lectura: false | escritura: false | ejecucion: false
2026-10-08 08:25:49.862 [main] DEBUG Archivos.Boletin.Ejercicio3 - No se ha podido borrar lectura.txt
2026-10-08 08:25:49.862 [main] DEBUG Archivos.Boletin.Ejercicio3 - Permiso de escritura restuarado en lectura.txt
2026-10-08 08:25:49.862 [main] DEBUG Archivos.Boletin.Ejercicio3 - Contenido final de miDirectorio
2026-10-08 08:25:49.862 [main] DEBUG Archivos.Boletin.Ejercicio3 - El directorio está vacío.
2026-10-08 08:25:56.831 [main] DEBUG Archivos.Boletin.Ejercicio3 - Archivo lectura.txt creado
2026-10-08 08:25:56.834 [main] DEBUG Archivos.Boletin.Ejercicio3 - Archivo normal.txt creado
2026-10-08 08:25:56.834 [main] DEBUG Archivos.Boletin.Ejercicio3 - lectura.txt -> lectura: false | escritura: false | ejecucion: false
2026-10-08 08:25:56.834 [main] DEBUG Archivos.Boletin.Ejercicio3 - normal.txt -> lectura: false | escritura: false | ejecucion: false
2026-10-08 08:25:56.834 [main] DEBUG Archivos.Boletin.Ejercicio3 - No se ha podido borrar lectura.txt
2026-10-08 08:25:56.834 [main] DEBUG Archivos.Boletin.Ejercicio3 - Permiso de escritura restuarado en lectura.txt
2026-10-08 08:25:56.835 [main] DEBUG Archivos.Boletin.Ejercicio3 - Contenido final de miDirectorio
2026-10-08 08:25:56.835 [main] DEBUG Archivos.Boletin.Ejercicio3 - El directorio está vacío.
2026-10-08 08:26:03.885 [main] DEBUG Archivos.Boletin.Ejercicio3 - Archivo lectura.txt creado
2026-10-08 08:26:03.887 [main] DEBUG Archivos.Boletin.Ejercicio3 - Archivo normal.txt creado
2026-10-08 08:26:03.887 [main] DEBUG Archivos.Boletin.Ejercicio3 - lectura.txt -> lectura: false | escritura: false | ejecucion: false
2026-10-08 08:26:03.888 [main] DEBUG Archivos.Boletin.Ejercicio3 - normal.txt -> lectura: false | escritura: false | ejecucion: false
2026-10-08 08:26:03.888 [main] DEBUG Archivos.Boletin.Ejercicio3 - No se ha podido borrar lectura.txt
2026-10-08 08:26:03.888 [main] DEBUG Archivos.Boletin.Ejercicio3 - Permiso de escritura restuarado en lectura.txt
2026-10-08 08:26:03.888 [main] DEBUG Archivos.Boletin.Ejercicio3 - Contenido final de miDirectorio
2026-10-08 08:26:03.888 [main] DEBUG Archivos.Boletin.Ejercicio3 - El directorio está vacío.
2026-10-08 08:26:35.045 [main] DEBUG Archivos.Boletin.Ejercicio3 - Archivo lectura.txt creado
2026-10-08 08:26:35.047 [main] DEBUG Archivos.Boletin.Ejercicio3 - Archivo normal.txt creado
2026-10-08 08:26:35.047 [main] DEBUG Archivos.Boletin.Ejercicio3 - lectura.txt -> lectura: false | escritura: false | ejecucion: false
2026-10-08 08:26:35.048 [main] DEBUG Archivos.Boletin.Ejercicio3 - normal.txt -> lectura: false | escritura: false | ejecucion: false
2026-10-08 08:26:35.048 [main] DEBUG Archivos.Boletin.Ejercicio3 - No se ha podido borrar lectura.txt
2026-10-08 08:26:35.048 [main] DEBUG Archivos.Boletin.Ejercicio3 - Permiso de escritura restuarado en lectura.txt
2026-10-08 08:26:35.048 [main] DEBUG Archivos.Boletin.Ejercicio3 - Contenido final de miDirectorio
2026-10-08 08:26:35.049 [main] DEBUG Archivos.Boletin.Ejercicio3 - El directorio está vacío.
2026-10-08 08:28:08.649 [main] DEBUG Archivos.Boletin.Ejercicio3 - Directorio creado.C:\Users\alumno\miDirectorio
2026-10-08 08:28:08.651 [main] DEBUG Archivos.Boletin.Ejercicio3 - Archivo lectura.txt creado
2026-10-08 08:28:08.651 [main] DEBUG Archivos.Boletin.Ejercicio3 - Archivo normal.txt creado
2026-10-08 08:28:08.651 [main] DEBUG Archivos.Boletin.Ejercicio3 - lectura.txt -> lectura: false | escritura: false | ejecucion: false
2026-10-08 08:28:08.652 [main] DEBUG Archivos.Boletin.Ejercicio3 - normal.txt -> lectura: false | escritura: false | ejecucion: false
2026-10-08 08:28:08.652 [main] DEBUG Archivos.Boletin.Ejercicio3 - No se ha podido borrar lectura.txt
2026-10-08 08:28:08.652 [main] DEBUG Archivos.Boletin.Ejercicio3 - Permiso de escritura restuarado en lectura.txt
2026-10-08 08:28:08.652 [main] DEBUG Archivos.Boletin.Ejercicio3 - Contenido final de miDirectorio
2026-10-08 08:28:08.652 [main] DEBUG Archivos.Boletin.Ejercicio3 - El directorio está vacío.
2026-10-08 08:29:07.742 [main] DEBUG Archivos.Boletin.Ejercicio3 - Archivo lectura.txt creado
2026-10-08 08:29:07.744 [main] DEBUG Archivos.Boletin.Ejercicio3 - Archivo normal.txt creado
2026-10-08 08:29:07.745 [main] DEBUG Archivos.Boletin.Ejercicio3 - lectura.txt -> lectura: false | escritura: false | ejecucion: false
2026-10-08 08:29:07.745 [main] DEBUG Archivos.Boletin.Ejercicio3 - normal.txt -> lectura: false | escritura: false | ejecucion: false
2026-10-08 08:29:07.745 [main] DEBUG Archivos.Boletin.Ejercicio3 - No se ha podido borrar lectura.txt
2026-10-08 08:29:07.745 [main] DEBUG Archivos.Boletin.Ejercicio3 - Permiso de escritura restuarado en lectura.txt
2026-10-08 08:29:07.745 [main] DEBUG Archivos.Boletin.Ejercicio3 - Contenido final de miDirectorio
2026-10-08 08:29:07.746 [main] DEBUG Archivos.Boletin.Ejercicio3 - El directorio está vacío.
2026-10-08 08:30:02.069 [main] DEBUG Archivos.Boletin.Ejercicio3 - Directorio creado.C:\Users\alumno\miDirectorio
2026-10-08 08:30:02.071 [main] DEBUG Archivos.Boletin.Ejercicio3 - Archivo lectura.txt creado
2026-10-08 08:30:02.071 [main] DEBUG Archivos.Boletin.Ejercicio3 - Archivo normal.txt creado
2026-10-08 08:30:02.072 [main] DEBUG Archivos.Boletin.Ejercicio3 - lectura.txt -> lectura: false | escritura: false | ejecucion: false
2026-10-08 08:30:02.072 [main] DEBUG Archivos.Boletin.Ejercicio3 - normal.txt -> lectura: false | escritura: false | ejecucion: false
2026-10-08 08:30:02.072 [main] DEBUG Archivos.Boletin.Ejercicio3 - No se ha podido borrar lectura.txt
2026-10-08 08:30:02.072 [main] DEBUG Archivos.Boletin.Ejercicio3 - Permiso de escritura restuarado en lectura.txt
2026-10-08 08:30:02.073 [main] DEBUG Archivos.Boletin.Ejercicio3 - Contenido final de miDirectorio
2026-10-08 08:30:02.073 [main] DEBUG Archivos.Boletin.Ejercicio3 - El directorio está vacío.
2026-10-08 08:30:11.173 [main] DEBUG Archivos.Boletin.Ejercicio3 - Directorio creado.C:\Users\alumno\miDirectorio
2026-10-08 08:30:11.176 [main] DEBUG Archivos.Boletin.Ejercicio3 - Archivo lectura.txt creado
2026-10-08 08:30:11.176 [main] DEBUG Archivos.Boletin.Ejercicio3 - Archivo normal.txt creado
2026-10-08 08:30:11.176 [main] DEBUG Archivos.Boletin.Ejercicio3 - lectura.txt -> lectura: false | escritura: false | ejecucion: false
2026-10-08 08:30:11.177 [main] DEBUG Archivos.Boletin.Ejercicio3 - normal.txt -> lectura: false | escritura: false | ejecucion: false
2026-10-08 08:30:11.177 [main] DEBUG Archivos.Boletin.Ejercicio3 - No se ha podido borrar lectura.txt
2026-10-08 08:30:11.177 [main] DEBUG Archivos.Boletin.Ejercicio3 - Permiso de escritura restuarado en lectura.txt
2026-10-08 08:30:11.178 [main] DEBUG Archivos.Boletin.Ejercicio3 - Contenido final de miDirectorio
2026-10-08 08:30:11.178 [main] DEBUG Archivos.Boletin.Ejercicio3 - El directorio está vacío.
2026-10-08 08:30:24.467 [main] DEBUG Archivos.Boletin.Ejercicio3 - Archivo lectura.txt creado
2026-10-08 08:30:24.469 [main] DEBUG Archivos.Boletin.Ejercicio3 - Archivo normal.txt creado
2026-10-08 08:30:24.469 [main] DEBUG Archivos.Boletin.Ejercicio3 - lectura.txt -> lectura: false | escritura: false | ejecucion: false
2026-10-08 08:30:24.469 [main] DEBUG Archivos.Boletin.Ejercicio3 - normal.txt -> lectura: false | escritura: false | ejecucion: false
2026-10-08 08:30:24.470 [main] DEBUG Archivos.Boletin.Ejercicio3 - No se ha podido borrar lectura.txt
2026-10-08 08:30:24.470 [main] DEBUG Archivos.Boletin.Ejercicio3 - Permiso de escritura restuarado en lectura.txt
2026-10-08 08:30:24.470 [main] DEBUG Archivos.Boletin.Ejercicio3 - Contenido final de miDirectorio
2026-10-08 08:30:24.470 [main] DEBUG Archivos.Boletin.Ejercicio3 - El directorio está vacío.
2026-10-08 08:34:10.217 [main] DEBUG Archivos.Boletin.Ejercicio3 - Archivo lectura.txt creado
2026-10-08 08:34:10.220 [main] DEBUG Archivos.Boletin.Ejercicio3 - Archivo normal.txt creado
2026-10-08 08:34:10.220 [main] DEBUG Archivos.Boletin.Ejercicio3 - Lectura.txt marcado como solo lectura.
2026-10-08 08:34:10.221 [main] DEBUG Archivos.Boletin.Ejercicio3 - lectura.txt -> lectura: true | escritura: false | ejecucion: true
2026-10-08 08:34:10.221 [main] DEBUG Archivos.Boletin.Ejercicio3 - normal.txt -> lectura: true | escritura: true | ejecucion: true
2026-10-08 08:34:10.221 [main] DEBUG Archivos.Boletin.Ejercicio3 - normal.txt renombrado a renombrado.txt
2026-10-08 08:34:10.222 [main] DEBUG Archivos.Boletin.Ejercicio3 - No se ha podido borrar lectura.txt
2026-10-08 08:34:10.222 [main] DEBUG Archivos.Boletin.Ejercicio3 - Permiso de escritura restuarado en lectura.txt
2026-10-08 08:34:10.222 [main] DEBUG Archivos.Boletin.Ejercicio3 - Lectura.txt borrado
2026-10-08 08:34:10.222 [main] DEBUG Archivos.Boletin.Ejercicio3 - Contenido final de miDirectorio
2026-10-08 08:34:10.222 [main] DEBUG Archivos.Boletin.Ejercicio3 - renombrado.txt
2026-10-08 09:21:50.009 [main] DEBUG Archivos.Boletin.Ejercicio7Controller - []
2026-10-08 09:22:44.512 [main] DEBUG Archivos.Boletin.Ejercicio7Controller - []
2026-10-08 09:23:59.903 [main] DEBUG Archivos.Boletin.Ejercicio7Controller - []
2026-10-08 09:25:19.108 [main] DEBUG Archivos.Boletin.Ejercicio7Controller - [C:\Users\alumno\Desktop\2\repasojava\src\main\java\Archivos\Boletin\Ejercicio1.java, C:\Users\alumno\Desktop\2\repasojava\src\main\java\Archivos\Boletin\Ejercicio2.java, C:\Users\alumno\Desktop\2\repasojava\src\main\java\Archivos\Boletin\Ejercicio3.java, C:\Users\alumno\Desktop\2\repasojava\src\main\java\Archivos\Boletin\Ejercicio7.java, C:\Users\alumno\Desktop\2\repasojava\src\main\java\Archivos\Boletin\Ejercicio7Controller.java, C:\Users\alumno\Desktop\2\repasojava\src\main\java\Archivos\Boletin\RutaNoValidaException.java]
2026-10-08 09:25:23.658 [main] DEBUG Archivos.Boletin.Ejercicio7Controller - [C:\Users\alumno\Desktop\2\repasojava\src\main\java\Archivos\Boletin\Ejercicio1.java, C:\Users\alumno\Desktop\2\repasojava\src\main\java\Archivos\Boletin\Ejercicio2.java, C:\Users\alumno\Desktop\2\repasojava\src\main\java\Archivos\Boletin\Ejercicio3.java, C:\Users\alumno\Desktop\2\repasojava\src\main\java\Archivos\Boletin\Ejercicio7.java, C:\Users\alumno\Desktop\2\repasojava\src\main\java\Archivos\Boletin\Ejercicio7Controller.java, C:\Users\alumno\Desktop\2\repasojava\src\main\java\Archivos\Boletin\RutaNoValidaException.java]
2026-10-08 09:25:58.420 [main] DEBUG Archivos.Boletin.Ejercicio7Controller - [Ejercicio1.java, Ejercicio2.java, Ejercicio3.java, Ejercicio7.java, Ejercicio7Controller.java, RutaNoValidaException.java]
2026-10-08 09:31:26.750 [main] DEBUG Archivos.Boletin.Ejercicio7Controller - []
2026-10-08 09:32:35.980 [main] DEBUG Archivos.Boletin.Ejercicio7Controller - [Ejercicio1.java, Ejercicio2.java, Ejercicio3.java, Ejercicio7.java, Ejercicio7Controller.java, RutaNoValidaException.java]
2026-10-08 09:34:40.054 [main] DEBUG Archivos.Boletin.Ejercicio7Controller - [Ejercicio1.java, Ejercicio2.java, Ejercicio3.java, Ejercicio7.java, Ejercicio7Controller.java, RutaNoValidaException.java]
