2026-09-21 06:57:36.797: [INFO] CurrentProfilePath: C:\Users\alumno\Desktop\2º\.metadata\.plugins\org.eclipse.swt\EBWebView\Default
2026-09-21 06:57:36.797: [INFO] Profiles total count: 1
2026-09-21 06:57:36.797: [INFO] Profile: name=Perfil 1 path=C:\Users\alumno\Desktop\2º\.metadata\.plugins\org.eclipse.swt\EBWebView\Default lastActive=null
2026-09-21 06:57:36.797: [INFO] LastUsedProfileDir: C:\Users\alumno\Desktop\2º\.metadata\.plugins\org.eclipse.swt\EBWebView\Default
2026-09-21 06:57:36.797: [INFO] OnDoneLoading sync enabled: 0
2026-09-21 06:57:36.797: [INFO] BookmarkModelLoaded, ids_reassigned: 0
2026-09-21 06:57:36.797: [INFO] BookmarksLoadDropped droppedNodes=0
2026-09-21 06:57:36.797: [INFO] BookmarksSnapshot Startup total=0 bar=0 other=0 mobile=0 showBar=0 showBarNTP=1
2026-09-21 07:03:28.359: [INFO] BookmarksSnapshot Shutdown total=0 bar=0 other=0 mobile=0 showBar=0 showBarNTP=1
2026-09-21 07:05:29.479: [INFO] CurrentProfilePath: C:\Users\alumno\Desktop\2º\.metadata\.plugins\org.eclipse.swt\EBWebView\Default
2026-09-21 07:05:29.479: [INFO] Profiles total count: 1
2026-09-21 07:05:29.479: [INFO] Profile: name=Perfil 1 path=C:\Users\alumno\Desktop\2º\.metadata\.plugins\org.eclipse.swt\EBWebView\Default lastActive=null
2026-09-21 07:05:29.479: [INFO] LastUsedProfileDir: C:\Users\alumno\Desktop\2º\.metadata\.plugins\org.eclipse.swt\EBWebView\Default
2026-09-21 07:05:29.479: [INFO] OnDoneLoading sync enabled: 0
2026-09-21 07:05:29.479: [INFO] BookmarkModelLoaded, ids_reassigned: 0
2026-09-21 07:05:29.479: [INFO] BookmarksLoadDropped droppedNodes=0
2026-09-21 07:05:29.479: [INFO] BookmarksSnapshot Startup total=0 bar=0 other=0 mobile=0 showBar=0 showBarNTP=1
2026-09-21 07:05:34.038: [INFO] BookmarksSnapshot Shutdown total=0 bar=0 other=0 mobile=0 showBar=0 showBarNTP=1
2026-09-21 07:05:48.646: [INFO] CurrentProfilePath: C:\Users\alumno\Desktop\2º\.metadata\.plugins\org.eclipse.swt\EBWebView\Default
2026-09-21 07:05:48.646: [INFO] Profiles total count: 1
2026-09-21 07:05:48.646: [INFO] Profile: name=Perfil 1 path=C:\Users\alumno\Desktop\2º\.metadata\.plugins\org.eclipse.swt\EBWebView\Default lastActive=null
2026-09-21 07:05:48.646: [INFO] LastUsedProfileDir: C:\Users\alumno\Desktop\2º\.metadata\.plugins\org.eclipse.swt\EBWebView\Default
2026-09-21 07:05:48.646: [INFO] OnDoneLoading sync enabled: 0
2026-09-21 07:05:48.646: [INFO] BookmarkModelLoaded, ids_reassigned: 0
2026-09-21 07:05:48.646: [INFO] BookmarksLoadDropped droppedNodes=0
2026-09-21 07:05:48.646: [INFO] BookmarksSnapshot Startup total=0 bar=0 other=0 mobile=0 showBar=0 showBarNTP=1
2026-09-21 07:05:55.003: [INFO] BookmarksSnapshot Shutdown total=0 bar=0 other=0 mobile=0 showBar=0 showBarNTP=1
2026-09-21 07:46:14.404: [INFO] CurrentProfilePath: C:\Users\alumno\Desktop\2º\.metadata\.plugins\org.eclipse.swt\EBWebView\Default
2026-09-21 07:46:14.404: [INFO] Profiles total count: 1
2026-09-21 07:46:14.404: [INFO] Profile: name=Perfil 1 path=C:\Users\alumno\Desktop\2º\.metadata\.plugins\org.eclipse.swt\EBWebView\Default lastActive=null
2026-09-21 07:46:14.404: [INFO] LastUsedProfileDir: C:\Users\alumno\Desktop\2º\.metadata\.plugins\org.eclipse.swt\EBWebView\Default
2026-09-21 07:46:14.404: [INFO] OnDoneLoading sync enabled: 0
2026-09-21 07:46:14.404: [INFO] BookmarkModelLoaded, ids_reassigned: 0
2026-09-21 07:46:14.404: [INFO] BookmarksLoadDropped droppedNodes=0
2026-09-21 07:46:14.404: [INFO] BookmarksSnapshot Startup total=0 bar=0 other=0 mobile=0 showBar=0 showBarNTP=1
2026-09-21 07:49:46.628: [INFO] BookmarksSnapshot Shutdown total=0 bar=0 other=0 mobile=0 showBar=0 showBarNTP=1
2026-09-21 07:53:12.912: [INFO] CurrentProfilePath: C:\Users\alumno\Desktop\2º\.metadata\.plugins\org.eclipse.swt\EBWebView\Default
2026-09-21 07:53:12.912: [INFO] Profiles total count: 1
2026-09-21 07:53:12.912: [INFO] Profile: name=Perfil 1 path=C:\Users\alumno\Desktop\2º\.metadata\.plugins\org.eclipse.swt\EBWebView\Default lastActive=null
2026-09-21 07:53:12.912: [INFO] LastUsedProfileDir: C:\Users\alumno\Desktop\2º\.metadata\.plugins\org.eclipse.swt\EBWebView\Default
2026-09-21 07:53:12.912: [INFO] OnDoneLoading sync enabled: 0
2026-09-21 07:53:12.912: [INFO] BookmarkModelLoaded, ids_reassigned: 0
2026-09-21 07:53:12.912: [INFO] BookmarksLoadDropped droppedNodes=0
2026-09-21 07:53:12.912: [INFO] BookmarksSnapshot Startup total=0 bar=0 other=0 mobile=0 showBar=0 showBarNTP=1
2026-09-21 08:02:05.475: [INFO] BookmarksSnapshot Shutdown total=0 bar=0 other=0 mobile=0 showBar=0 showBarNTP=1
2026-09-21 08:13:20.461: [INFO] CurrentProfilePath: C:\Users\alumno\Desktop\2º\.metadata\.plugins\org.eclipse.swt\EBWebView\Default
2026-09-21 08:13:20.461: [INFO] Profiles total count: 1
2026-09-21 08:13:20.461: [INFO] Profile: name=Perfil 1 path=C:\Users\alumno\Desktop\2º\.metadata\.plugins\org.eclipse.swt\EBWebView\Default lastActive=null
2026-09-21 08:13:20.461: [INFO] LastUsedProfileDir: C:\Users\alumno\Desktop\2º\.metadata\.plugins\org.eclipse.swt\EBWebView\Default
2026-09-21 08:13:20.461: [INFO] OnDoneLoading sync enabled: 0
2026-09-21 08:13:20.461: [INFO] BookmarkModelLoaded, ids_reassigned: 0
2026-09-21 08:13:20.461: [INFO] BookmarksLoadDropped droppedNodes=0
2026-09-21 08:13:20.461: [INFO] BookmarksSnapshot Startup total=0 bar=0 other=0 mobile=0 showBar=0 showBarNTP=1
2026-09-21 08:13:20.585: [INFO] BookmarksSnapshot Shutdown total=0 bar=0 other=0 mobile=0 showBar=0 showBarNTP=1
2026-09-21 08:16:39.423: [INFO] CurrentProfilePath: C:\Users\alumno\Desktop\2º\.metadata\.plugins\org.eclipse.swt\EBWebView\Default
2026-09-21 08:16:39.423: [INFO] Profiles total count: 1
2026-09-21 08:16:39.423: [INFO] Profile: name=Perfil 1 path=C:\Users\alumno\Desktop\2º\.metadata\.plugins\org.eclipse.swt\EBWebView\Default lastActive=null
2026-09-21 08:16:39.423: [INFO] LastUsedProfileDir: C:\Users\alumno\Desktop\2º\.metadata\.plugins\org.eclipse.swt\EBWebView\Default
2026-09-21 08:16:39.423: [INFO] OnDoneLoading sync enabled: 0
2026-09-21 08:16:39.423: [INFO] BookmarkModelLoaded, ids_reassigned: 0
2026-09-21 08:16:39.423: [INFO] BookmarksLoadDropped droppedNodes=0
2026-09-21 08:16:39.423: [INFO] BookmarksSnapshot Startup total=0 bar=0 other=0 mobile=0 showBar=0 showBarNTP=1
2026-09-21 08:22:40.951: [INFO] BookmarksSnapshot Shutdown total=0 bar=0 other=0 mobile=0 showBar=0 showBarNTP=1
2026-09-21 08:24:09.877: [INFO] CurrentProfilePath: C:\Users\alumno\Desktop\2º\.metadata\.plugins\org.eclipse.swt\EBWebView\Default
2026-09-21 08:24:09.877: [INFO] Profiles total count: 1
2026-09-21 08:24:09.877: [INFO] Profile: name=Perfil 1 path=C:\Users\alumno\Desktop\2º\.metadata\.plugins\org.eclipse.swt\EBWebView\Default lastActive=null
2026-09-21 08:24:09.877: [INFO] LastUsedProfileDir: C:\Users\alumno\Desktop\2º\.metadata\.plugins\org.eclipse.swt\EBWebView\Default
2026-09-21 08:24:09.877: [INFO] OnDoneLoading sync enabled: 0
2026-09-21 08:24:09.877: [INFO] BookmarkModelLoaded, ids_reassigned: 0
2026-09-21 08:24:09.877: [INFO] BookmarksLoadDropped droppedNodes=0
2026-09-21 08:24:09.877: [INFO] BookmarksSnapshot Startup total=0 bar=0 other=0 mobile=0 showBar=0 showBarNTP=1
2026-09-21 08:24:24.873: [INFO] BookmarksSnapshot Shutdown total=0 bar=0 other=0 mobile=0 showBar=0 showBarNTP=1
2026-09-21 08:28:12.689: [INFO] CurrentProfilePath: C:\Users\alumno\Desktop\2º\.metadata\.plugins\org.eclipse.swt\EBWebView\Default
2026-09-21 08:28:12.689: [INFO] Profiles total count: 1
2026-09-21 08:28:12.689: [INFO] Profile: name=Perfil 1 path=C:\Users\alumno\Desktop\2º\.metadata\.plugins\org.eclipse.swt\EBWebView\Default lastActive=null
2026-09-21 08:28:12.689: [INFO] LastUsedProfileDir: C:\Users\alumno\Desktop\2º\.metadata\.plugins\org.eclipse.swt\EBWebView\Default
2026-09-21 08:28:12.689: [INFO] OnDoneLoading sync enabled: 0
2026-09-21 08:28:12.689: [INFO] BookmarkModelLoaded, ids_reassigned: 0
2026-09-21 08:28:12.689: [INFO] BookmarksLoadDropped droppedNodes=0
2026-09-21 08:28:12.689: [INFO] BookmarksSnapshot Startup total=0 bar=0 other=0 mobile=0 showBar=0 showBarNTP=1
2026-09-21 08:30:18.888: [INFO] BookmarksSnapshot Shutdown total=0 bar=0 other=0 mobile=0 showBar=0 showBarNTP=1
2026-09-21 08:30:25.675: [INFO] CurrentProfilePath: C:\Users\alumno\Desktop\2º\.metadata\.plugins\org.eclipse.swt\EBWebView\Default
2026-09-21 08:30:25.675: [INFO] Profiles total count: 1
2026-09-21 08:30:25.675: [INFO] Profile: name=Perfil 1 path=C:\Users\alumno\Desktop\2º\.metadata\.plugins\org.eclipse.swt\EBWebView\Default lastActive=null
2026-09-21 08:30:25.675: [INFO] LastUsedProfileDir: C:\Users\alumno\Desktop\2º\.metadata\.plugins\org.eclipse.swt\EBWebView\Default
2026-09-21 08:30:25.675: [INFO] OnDoneLoading sync enabled: 0
2026-09-21 08:30:25.675: [INFO] BookmarkModelLoaded, ids_reassigned: 0
2026-09-21 08:30:25.675: [INFO] BookmarksLoadDropped droppedNodes=0
2026-09-21 08:30:25.675: [INFO] BookmarksSnapshot Startup total=0 bar=0 other=0 mobile=0 showBar=0 showBarNTP=1
2026-09-21 08:30:30.960: [INFO] BookmarksSnapshot Shutdown total=0 bar=0 other=0 mobile=0 showBar=0 showBarNTP=1
2026-09-21 08:30:52.241: [INFO] CurrentProfilePath: C:\Users\alumno\Desktop\2º\.metadata\.plugins\org.eclipse.swt\EBWebView\Default
2026-09-21 08:30:52.241: [INFO] Profiles total count: 1
2026-09-21 08:30:52.241: [INFO] Profile: name=Perfil 1 path=C:\Users\alumno\Desktop\2º\.metadata\.plugins\org.eclipse.swt\EBWebView\Default lastActive=null
2026-09-21 08:30:52.241: [INFO] LastUsedProfileDir: C:\Users\alumno\Desktop\2º\.metadata\.plugins\org.eclipse.swt\EBWebView\Default
2026-09-21 08:30:52.241: [INFO] OnDoneLoading sync enabled: 0
2026-09-21 08:30:52.241: [INFO] BookmarkModelLoaded, ids_reassigned: 0
2026-09-21 08:30:52.241: [INFO] BookmarksLoadDropped droppedNodes=0
2026-09-21 08:30:52.241: [INFO] BookmarksSnapshot Startup total=0 bar=0 other=0 mobile=0 showBar=0 showBarNTP=1
2026-09-21 08:35:21.891: [INFO] BookmarksSnapshot Shutdown total=0 bar=0 other=0 mobile=0 showBar=0 showBarNTP=1
2026-09-21 08:35:31.121: [INFO] CurrentProfilePath: C:\Users\alumno\Desktop\2º\.metadata\.plugins\org.eclipse.swt\EBWebView\Default
2026-09-21 08:35:31.121: [INFO] Profiles total count: 1
2026-09-21 08:35:31.121: [INFO] Profile: name=Perfil 1 path=C:\Users\alumno\Desktop\2º\.metadata\.plugins\org.eclipse.swt\EBWebView\Default lastActive=null
2026-09-21 08:35:31.121: [INFO] LastUsedProfileDir: C:\Users\alumno\Desktop\2º\.metadata\.plugins\org.eclipse.swt\EBWebView\Default
2026-09-21 08:35:31.121: [INFO] OnDoneLoading sync enabled: 0
2026-09-21 08:35:31.121: [INFO] BookmarkModelLoaded, ids_reassigned: 0
2026-09-21 08:35:31.121: [INFO] BookmarksLoadDropped droppedNodes=0
2026-09-21 08:35:31.121: [INFO] BookmarksSnapshot Startup total=0 bar=0 other=0 mobile=0 showBar=0 showBarNTP=1
2026-09-21 08:36:17.016: [INFO] BookmarksSnapshot Shutdown total=0 bar=0 other=0 mobile=0 showBar=0 showBarNTP=1
2026-09-21 08:36:41.407: [INFO] CurrentProfilePath: C:\Users\alumno\Desktop\2º\.metadata\.plugins\org.eclipse.swt\EBWebView\Default
2026-09-21 08:36:41.407: [INFO] Profiles total count: 1
2026-09-21 08:36:41.407: [INFO] Profile: name=Perfil 1 path=C:\Users\alumno\Desktop\2º\.metadata\.plugins\org.eclipse.swt\EBWebView\Default lastActive=null
2026-09-21 08:36:41.407: [INFO] LastUsedProfileDir: C:\Users\alumno\Desktop\2º\.metadata\.plugins\org.eclipse.swt\EBWebView\Default
2026-09-21 08:36:41.407: [INFO] OnDoneLoading sync enabled: 0
2026-09-21 08:36:41.407: [INFO] BookmarkModelLoaded, ids_reassigned: 0
2026-09-21 08:36:41.407: [INFO] BookmarksLoadDropped droppedNodes=0
2026-09-21 08:36:41.407: [INFO] BookmarksSnapshot Startup total=0 bar=0 other=0 mobile=0 showBar=0 showBarNTP=1
2026-09-21 08:37:20.289: [INFO] BookmarksSnapshot Shutdown total=0 bar=0 other=0 mobile=0 showBar=0 showBarNTP=1
2026-09-21 08:39:59.669: [INFO] CurrentProfilePath: C:\Users\alumno\Desktop\2º\.metadata\.plugins\org.eclipse.swt\EBWebView\Default
2026-09-21 08:39:59.669: [INFO] Profiles total count: 1
2026-09-21 08:39:59.669: [INFO] Profile: name=Perfil 1 path=C:\Users\alumno\Desktop\2º\.metadata\.plugins\org.eclipse.swt\EBWebView\Default lastActive=null
2026-09-21 08:39:59.669: [INFO] LastUsedProfileDir: C:\Users\alumno\Desktop\2º\.metadata\.plugins\org.eclipse.swt\EBWebView\Default
2026-09-21 08:39:59.669: [INFO] OnDoneLoading sync enabled: 0
2026-09-21 08:39:59.669: [INFO] BookmarkModelLoaded, ids_reassigned: 0
2026-09-21 08:39:59.669: [INFO] BookmarksLoadDropped droppedNodes=0
2026-09-21 08:39:59.669: [INFO] BookmarksSnapshot Startup total=0 bar=0 other=0 mobile=0 showBar=0 showBarNTP=1
2026-09-21 08:41:37.281: [INFO] BookmarksSnapshot Shutdown total=0 bar=0 other=0 mobile=0 showBar=0 showBarNTP=1
2026-09-21 08:42:12.436: [INFO] CurrentProfilePath: C:\Users\alumno\Desktop\2º\.metadata\.plugins\org.eclipse.swt\EBWebView\Default
2026-09-21 08:42:12.436: [INFO] Profiles total count: 1
2026-09-21 08:42:12.436: [INFO] Profile: name=Perfil 1 path=C:\Users\alumno\Desktop\2º\.metadata\.plugins\org.eclipse.swt\EBWebView\Default lastActive=null
2026-09-21 08:42:12.436: [INFO] LastUsedProfileDir: C:\Users\alumno\Desktop\2º\.metadata\.plugins\org.eclipse.swt\EBWebView\Default
2026-09-21 08:42:12.436: [INFO] OnDoneLoading sync enabled: 0
2026-09-21 08:42:12.436: [INFO] BookmarkModelLoaded, ids_reassigned: 0
2026-09-21 08:42:12.436: [INFO] BookmarksLoadDropped droppedNodes=0
2026-09-21 08:42:12.436: [INFO] BookmarksSnapshot Startup total=0 bar=0 other=0 mobile=0 showBar=0 showBarNTP=1
2026-09-21 08:48:28.672: [INFO] BookmarksSnapshot Shutdown total=0 bar=0 other=0 mobile=0 showBar=0 showBarNTP=1
2026-09-21 08:51:21.718: [INFO] CurrentProfilePath: C:\Users\alumno\Desktop\2º\.metadata\.plugins\org.eclipse.swt\EBWebView\Default
2026-09-21 08:51:21.718: [INFO] Profiles total count: 1
2026-09-21 08:51:21.718: [INFO] Profile: name=Perfil 1 path=C:\Users\alumno\Desktop\2º\.metadata\.plugins\org.eclipse.swt\EBWebView\Default lastActive=null
2026-09-21 08:51:21.718: [INFO] LastUsedProfileDir: C:\Users\alumno\Desktop\2º\.metadata\.plugins\org.eclipse.swt\EBWebView\Default
2026-09-21 08:51:21.718: [INFO] OnDoneLoading sync enabled: 0
2026-09-21 08:51:21.718: [INFO] BookmarkModelLoaded, ids_reassigned: 0
2026-09-21 08:51:21.718: [INFO] BookmarksLoadDropped droppedNodes=0
2026-09-21 08:51:21.718: [INFO] BookmarksSnapshot Startup total=0 bar=0 other=0 mobile=0 showBar=0 showBarNTP=1
2026-09-21 08:51:33.613: [INFO] BookmarksSnapshot Shutdown total=0 bar=0 other=0 mobile=0 showBar=0 showBarNTP=1
2026-09-21 08:53:17.525: [INFO] CurrentProfilePath: C:\Users\alumno\Desktop\2º\.metadata\.plugins\org.eclipse.swt\EBWebView\Default
2026-09-21 08:53:17.525: [INFO] Profiles total count: 1
2026-09-21 08:53:17.525: [INFO] Profile: name=Perfil 1 path=C:\Users\alumno\Desktop\2º\.metadata\.plugins\org.eclipse.swt\EBWebView\Default lastActive=null
2026-09-21 08:53:17.525: [INFO] LastUsedProfileDir: C:\Users\alumno\Desktop\2º\.metadata\.plugins\org.eclipse.swt\EBWebView\Default
2026-09-21 08:53:17.525: [INFO] OnDoneLoading sync enabled: 0
2026-09-21 08:53:17.525: [INFO] BookmarkModelLoaded, ids_reassigned: 0
2026-09-21 08:53:17.525: [INFO] BookmarksLoadDropped droppedNodes=0
2026-09-21 08:53:17.526: [INFO] BookmarksSnapshot Startup total=0 bar=0 other=0 mobile=0 showBar=0 showBarNTP=1
2026-09-21 08:53:21.724: [INFO] BookmarksSnapshot Shutdown total=0 bar=0 other=0 mobile=0 showBar=0 showBarNTP=1
2026-09-21 09:43:56.136: [INFO] CurrentProfilePath: C:\Users\alumno\Desktop\2º\.metadata\.plugins\org.eclipse.swt\EBWebView\Default
2026-09-21 09:43:56.136: [INFO] Profiles total count: 1
2026-09-21 09:43:56.136: [INFO] Profile: name=Perfil 1 path=C:\Users\alumno\Desktop\2º\.metadata\.plugins\org.eclipse.swt\EBWebView\Default lastActive=null
2026-09-21 09:43:56.136: [INFO] LastUsedProfileDir: C:\Users\alumno\Desktop\2º\.metadata\.plugins\org.eclipse.swt\EBWebView\Default
2026-09-21 09:43:56.136: [INFO] OnDoneLoading sync enabled: 0
2026-09-21 09:43:56.136: [INFO] BookmarkModelLoaded, ids_reassigned: 0
2026-09-21 09:43:56.136: [INFO] BookmarksLoadDropped droppedNodes=0
2026-09-21 09:43:56.136: [INFO] BookmarksSnapshot Startup total=0 bar=0 other=0 mobile=0 showBar=0 showBarNTP=1
2026-09-21 09:44:13.151: [INFO] BookmarksSnapshot Shutdown total=0 bar=0 other=0 mobile=0 showBar=0 showBarNTP=1
2026-09-21 09:47:06.487: [INFO] CurrentProfilePath: C:\Users\alumno\Desktop\2º\.metadata\.plugins\org.eclipse.swt\EBWebView\Default
2026-09-21 09:47:06.487: [INFO] Profiles total count: 1
2026-09-21 09:47:06.487: [INFO] Profile: name=Perfil 1 path=C:\Users\alumno\Desktop\2º\.metadata\.plugins\org.eclipse.swt\EBWebView\Default lastActive=null
2026-09-21 09:47:06.487: [INFO] LastUsedProfileDir: C:\Users\alumno\Desktop\2º\.metadata\.plugins\org.eclipse.swt\EBWebView\Default
2026-09-21 09:47:06.487: [INFO] OnDoneLoading sync enabled: 0
2026-09-21 09:47:06.487: [INFO] BookmarkModelLoaded, ids_reassigned: 0
2026-09-21 09:47:06.487: [INFO] BookmarksLoadDropped droppedNodes=0
2026-09-21 09:47:06.487: [INFO] BookmarksSnapshot Startup total=0 bar=0 other=0 mobile=0 showBar=0 showBarNTP=1
2026-09-21 09:47:34.606: [INFO] BookmarksSnapshot Shutdown total=0 bar=0 other=0 mobile=0 showBar=0 showBarNTP=1
2026-09-21 09:47:44.640: [INFO] CurrentProfilePath: C:\Users\alumno\Desktop\2º\.metadata\.plugins\org.eclipse.swt\EBWebView\Default
2026-09-21 09:47:44.640: [INFO] Profiles total count: 1
2026-09-21 09:47:44.640: [INFO] Profile: name=Perfil 1 path=C:\Users\alumno\Desktop\2º\.metadata\.plugins\org.eclipse.swt\EBWebView\Default lastActive=null
2026-09-21 09:47:44.640: [INFO] LastUsedProfileDir: C:\Users\alumno\Desktop\2º\.metadata\.plugins\org.eclipse.swt\EBWebView\Default
2026-09-21 09:47:44.640: [INFO] OnDoneLoading sync enabled: 0
2026-09-21 09:47:44.640: [INFO] BookmarkModelLoaded, ids_reassigned: 0
2026-09-21 09:47:44.640: [INFO] BookmarksLoadDropped droppedNodes=0
2026-09-21 09:47:44.640: [INFO] BookmarksSnapshot Startup total=0 bar=0 other=0 mobile=0 showBar=0 showBarNTP=1
2026-09-21 09:48:35.442: [INFO] BookmarksSnapshot Shutdown total=0 bar=0 other=0 mobile=0 showBar=0 showBarNTP=1
2026-09-21 09:50:28.299: [INFO] CurrentProfilePath: C:\Users\alumno\Desktop\2º\.metadata\.plugins\org.eclipse.swt\EBWebView\Default
2026-09-21 09:50:28.299: [INFO] Profiles total count: 1
2026-09-21 09:50:28.299: [INFO] Profile: name=Perfil 1 path=C:\Users\alumno\Desktop\2º\.metadata\.plugins\org.eclipse.swt\EBWebView\Default lastActive=null
2026-09-21 09:50:28.299: [INFO] LastUsedProfileDir: C:\Users\alumno\Desktop\2º\.metadata\.plugins\org.eclipse.swt\EBWebView\Default
2026-09-21 09:50:28.299: [INFO] OnDoneLoading sync enabled: 0
2026-09-21 09:50:28.299: [INFO] BookmarkModelLoaded, ids_reassigned: 0
2026-09-21 09:50:28.299: [INFO] BookmarksLoadDropped droppedNodes=0
2026-09-21 09:50:28.299: [INFO] BookmarksSnapshot Startup total=0 bar=0 other=0 mobile=0 showBar=0 showBarNTP=1
2026-09-21 09:50:34.807: [INFO] BookmarksSnapshot Shutdown total=0 bar=0 other=0 mobile=0 showBar=0 showBarNTP=1
2026-09-21 09:51:40.043: [INFO] CurrentProfilePath: C:\Users\alumno\Desktop\2º\.metadata\.plugins\org.eclipse.swt\EBWebView\Default
2026-09-21 09:51:40.043: [INFO] Profiles total count: 1
2026-09-21 09:51:40.043: [INFO] Profile: name=Perfil 1 path=C:\Users\alumno\Desktop\2º\.metadata\.plugins\org.eclipse.swt\EBWebView\Default lastActive=null
2026-09-21 09:51:40.043: [INFO] LastUsedProfileDir: C:\Users\alumno\Desktop\2º\.metadata\.plugins\org.eclipse.swt\EBWebView\Default
2026-09-21 09:51:40.043: [INFO] OnDoneLoading sync enabled: 0
2026-09-21 09:51:40.043: [INFO] BookmarkModelLoaded, ids_reassigned: 0
2026-09-21 09:51:40.043: [INFO] BookmarksLoadDropped droppedNodes=0
2026-09-21 09:51:40.043: [INFO] BookmarksSnapshot Startup total=0 bar=0 other=0 mobile=0 showBar=0 showBarNTP=1
2026-09-21 09:51:58.712: [INFO] BookmarksSnapshot Shutdown total=0 bar=0 other=0 mobile=0 showBar=0 showBarNTP=1
2026-09-21 09:52:58.260: [INFO] CurrentProfilePath: C:\Users\alumno\Desktop\2º\.metadata\.plugins\org.eclipse.swt\EBWebView\Default
2026-09-21 09:52:58.260: [INFO] Profiles total count: 1
2026-09-21 09:52:58.260: [INFO] Profile: name=Perfil 1 path=C:\Users\alumno\Desktop\2º\.metadata\.plugins\org.eclipse.swt\EBWebView\Default lastActive=null
2026-09-21 09:52:58.260: [INFO] LastUsedProfileDir: C:\Users\alumno\Desktop\2º\.metadata\.plugins\org.eclipse.swt\EBWebView\Default
2026-09-21 09:52:58.260: [INFO] OnDoneLoading sync enabled: 0
2026-09-21 09:52:58.260: [INFO] BookmarkModelLoaded, ids_reassigned: 0
2026-09-21 09:52:58.260: [INFO] BookmarksLoadDropped droppedNodes=0
2026-09-21 09:52:58.260: [INFO] BookmarksSnapshot Startup total=0 bar=0 other=0 mobile=0 showBar=0 showBarNTP=1
2026-09-21 09:53:03.234: [INFO] BookmarksSnapshot Shutdown total=0 bar=0 other=0 mobile=0 showBar=0 showBarNTP=1
2026-09-21 09:53:52.790: [INFO] CurrentProfilePath: C:\Users\alumno\Desktop\2º\.metadata\.plugins\org.eclipse.swt\EBWebView\Default
2026-09-21 09:53:52.790: [INFO] Profiles total count: 1
2026-09-21 09:53:52.790: [INFO] Profile: name=Perfil 1 path=C:\Users\alumno\Desktop\2º\.metadata\.plugins\org.eclipse.swt\EBWebView\Default lastActive=null
2026-09-21 09:53:52.790: [INFO] LastUsedProfileDir: C:\Users\alumno\Desktop\2º\.metadata\.plugins\org.eclipse.swt\EBWebView\Default
2026-09-21 09:53:52.790: [INFO] OnDoneLoading sync enabled: 0
2026-09-21 09:53:52.790: [INFO] BookmarkModelLoaded, ids_reassigned: 0
2026-09-21 09:53:52.790: [INFO] BookmarksLoadDropped droppedNodes=0
2026-09-21 09:53:52.790: [INFO] BookmarksSnapshot Startup total=0 bar=0 other=0 mobile=0 showBar=0 showBarNTP=1
2026-09-21 09:53:59.740: [INFO] BookmarksSnapshot Shutdown total=0 bar=0 other=0 mobile=0 showBar=0 showBarNTP=1
2026-09-21 09:55:21.062: [INFO] CurrentProfilePath: C:\Users\alumno\Desktop\2º\.metadata\.plugins\org.eclipse.swt\EBWebView\Default
2026-09-21 09:55:21.062: [INFO] Profiles total count: 1
2026-09-21 09:55:21.062: [INFO] Profile: name=Perfil 1 path=C:\Users\alumno\Desktop\2º\.metadata\.plugins\org.eclipse.swt\EBWebView\Default lastActive=null
2026-09-21 09:55:21.062: [INFO] LastUsedProfileDir: C:\Users\alumno\Desktop\2º\.metadata\.plugins\org.eclipse.swt\EBWebView\Default
2026-09-21 09:55:21.062: [INFO] OnDoneLoading sync enabled: 0
2026-09-21 09:55:21.062: [INFO] BookmarkModelLoaded, ids_reassigned: 0
2026-09-21 09:55:21.062: [INFO] BookmarksLoadDropped droppedNodes=0
2026-09-21 09:55:21.062: [INFO] BookmarksSnapshot Startup total=0 bar=0 other=0 mobile=0 showBar=0 showBarNTP=1
2026-09-21 09:56:51.724: [INFO] BookmarksSnapshot Shutdown total=0 bar=0 other=0 mobile=0 showBar=0 showBarNTP=1
2026-09-21 09:57:33.971: [INFO] CurrentProfilePath: C:\Users\alumno\Desktop\2º\.metadata\.plugins\org.eclipse.swt\EBWebView\Default
2026-09-21 09:57:33.971: [INFO] Profiles total count: 1
2026-09-21 09:57:33.971: [INFO] Profile: name=Perfil 1 path=C:\Users\alumno\Desktop\2º\.metadata\.plugins\org.eclipse.swt\EBWebView\Default lastActive=null
2026-09-21 09:57:33.971: [INFO] LastUsedProfileDir: C:\Users\alumno\Desktop\2º\.metadata\.plugins\org.eclipse.swt\EBWebView\Default
2026-09-21 09:57:33.971: [INFO] OnDoneLoading sync enabled: 0
2026-09-21 09:57:33.971: [INFO] BookmarkModelLoaded, ids_reassigned: 0
2026-09-21 09:57:33.972: [INFO] BookmarksLoadDropped droppedNodes=0
2026-09-21 09:57:33.972: [INFO] BookmarksSnapshot Startup total=0 bar=0 other=0 mobile=0 showBar=0 showBarNTP=1
2026-09-21 09:58:00.258: [INFO] BookmarksSnapshot Shutdown total=0 bar=0 other=0 mobile=0 showBar=0 showBarNTP=1
2026-09-21 09:59:25.424: [INFO] CurrentProfilePath: C:\Users\alumno\Desktop\2º\.metadata\.plugins\org.eclipse.swt\EBWebView\Default
2026-09-21 09:59:25.424: [INFO] Profiles total count: 1
2026-09-21 09:59:25.424: [INFO] Profile: name=Perfil 1 path=C:\Users\alumno\Desktop\2º\.metadata\.plugins\org.eclipse.swt\EBWebView\Default lastActive=null
2026-09-21 09:59:25.424: [INFO] LastUsedProfileDir: C:\Users\alumno\Desktop\2º\.metadata\.plugins\org.eclipse.swt\EBWebView\Default
2026-09-21 09:59:25.424: [INFO] OnDoneLoading sync enabled: 0
2026-09-21 09:59:25.424: [INFO] BookmarkModelLoaded, ids_reassigned: 0
2026-09-21 09:59:25.424: [INFO] BookmarksLoadDropped droppedNodes=0
2026-09-21 09:59:25.424: [INFO] BookmarksSnapshot Startup total=0 bar=0 other=0 mobile=0 showBar=0 showBarNTP=1
2026-09-21 12:07:44.057: [INFO] BookmarksSnapshot Shutdown total=0 bar=0 other=0 mobile=0 showBar=0 showBarNTP=1
2026-09-22 08:17:01.026: [INFO] CurrentProfilePath: C:\Users\alumno\Desktop\2º\.metadata\.plugins\org.eclipse.swt\EBWebView\Default
2026-09-22 08:17:01.026: [INFO] Profiles total count: 1
2026-09-22 08:17:01.026: [INFO] Profile: name=Perfil 1 path=C:\Users\alumno\Desktop\2º\.metadata\.plugins\org.eclipse.swt\EBWebView\Default lastActive=2026-09-21T10:50:42.703Z
2026-09-22 08:17:01.026: [INFO] LastUsedProfileDir: C:\Users\alumno\Desktop\2º\.metadata\.plugins\org.eclipse.swt\EBWebView\Default
2026-09-22 08:17:01.027: [INFO] MostRecentlyActiveProfile: name=Perfil 1 path=C:\Users\alumno\Desktop\2º\.metadata\.plugins\org.eclipse.swt\EBWebView\Default lastActive=2026-09-21T10:50:42.703Z
2026-09-22 08:17:01.027: [INFO] OnDoneLoading sync enabled: 0
2026-09-22 08:17:01.027: [INFO] BookmarkModelLoaded, ids_reassigned: 0
2026-09-22 08:17:01.027: [INFO] BookmarksLoadDropped droppedNodes=0
2026-09-22 08:17:01.027: [INFO] BookmarksSnapshot Startup total=0 bar=0 other=0 mobile=0 showBar=0 showBarNTP=1
2026-09-22 08:17:02.793: [INFO] BookmarksSnapshot Shutdown total=0 bar=0 other=0 mobile=0 showBar=0 showBarNTP=1
2026-09-22 08:20:17.059: [INFO] CurrentProfilePath: C:\Users\alumno\Desktop\2º\.metadata\.plugins\org.eclipse.swt\EBWebView\Default
2026-09-22 08:20:17.059: [INFO] Profiles total count: 1
2026-09-22 08:20:17.059: [INFO] Profile: name=Perfil 1 path=C:\Users\alumno\Desktop\2º\.metadata\.plugins\org.eclipse.swt\EBWebView\Default lastActive=2026-09-21T10:50:42.703Z
2026-09-22 08:20:17.059: [INFO] LastUsedProfileDir: C:\Users\alumno\Desktop\2º\.metadata\.plugins\org.eclipse.swt\EBWebView\Default
2026-09-22 08:20:17.059: [INFO] MostRecentlyActiveProfile: name=Perfil 1 path=C:\Users\alumno\Desktop\2º\.metadata\.plugins\org.eclipse.swt\EBWebView\Default lastActive=2026-09-21T10:50:42.703Z
2026-09-22 08:20:17.059: [INFO] OnDoneLoading sync enabled: 0
2026-09-22 08:20:17.059: [INFO] BookmarkModelLoaded, ids_reassigned: 0
2026-09-22 08:20:17.059: [INFO] BookmarksLoadDropped droppedNodes=0
2026-09-22 08:20:17.059: [INFO] BookmarksSnapshot Startup total=0 bar=0 other=0 mobile=0 showBar=0 showBarNTP=1
2026-09-22 08:47:11.335: [INFO] BookmarksSnapshot Shutdown total=0 bar=0 other=0 mobile=0 showBar=0 showBarNTP=1
2026-09-24 06:28:15.266: [INFO] CurrentProfilePath: C:\Users\alumno\Desktop\2º\.metadata\.plugins\org.eclipse.swt\EBWebView\Default
2026-09-24 06:28:15.266: [INFO] Profiles total count: 1
2026-09-24 06:28:15.266: [INFO] Profile: name=Perfil 1 path=C:\Users\alumno\Desktop\2º\.metadata\.plugins\org.eclipse.swt\EBWebView\Default lastActive=2026-09-21T10:50:42.703Z
2026-09-24 06:28:15.266: [INFO] LastUsedProfileDir: C:\Users\alumno\Desktop\2º\.metadata\.plugins\org.eclipse.swt\EBWebView\Default
2026-09-24 06:28:15.266: [INFO] MostRecentlyActiveProfile: name=Perfil 1 path=C:\Users\alumno\Desktop\2º\.metadata\.plugins\org.eclipse.swt\EBWebView\Default lastActive=2026-09-21T10:50:42.703Z
2026-09-24 06:28:15.266: [INFO] OnDoneLoading sync enabled: 0
2026-09-24 06:28:15.266: [INFO] BookmarkModelLoaded, ids_reassigned: 0
2026-09-24 06:28:15.266: [INFO] BookmarksLoadDropped droppedNodes=0
2026-09-24 06:28:15.266: [INFO] BookmarksSnapshot Startup total=0 bar=0 other=0 mobile=0 showBar=0 showBarNTP=1
2026-09-24 06:28:30.161: [INFO] BookmarksSnapshot Shutdown total=0 bar=0 other=0 mobile=0 showBar=0 showBarNTP=1
2026-09-24 06:32:06.756: [INFO] CurrentProfilePath: C:\Users\alumno\Desktop\2º\.metadata\.plugins\org.eclipse.swt\EBWebView\Default
2026-09-24 06:32:06.756: [INFO] Profiles total count: 1
2026-09-24 06:32:06.756: [INFO] Profile: name=Perfil 1 path=C:\Users\alumno\Desktop\2º\.metadata\.plugins\org.eclipse.swt\EBWebView\Default lastActive=2026-09-21T10:50:42.703Z
2026-09-24 06:32:06.756: [INFO] LastUsedProfileDir: C:\Users\alumno\Desktop\2º\.metadata\.plugins\org.eclipse.swt\EBWebView\Default
2026-09-24 06:32:06.756: [INFO] MostRecentlyActiveProfile: name=Perfil 1 path=C:\Users\alumno\Desktop\2º\.metadata\.plugins\org.eclipse.swt\EBWebView\Default lastActive=2026-09-21T10:50:42.703Z
2026-09-24 06:32:06.756: [INFO] OnDoneLoading sync enabled: 0
2026-09-24 06:32:06.756: [INFO] BookmarkModelLoaded, ids_reassigned: 0
2026-09-24 06:32:06.756: [INFO] BookmarksLoadDropped droppedNodes=0
2026-09-24 06:32:06.756: [INFO] BookmarksSnapshot Startup total=0 bar=0 other=0 mobile=0 showBar=0 showBarNTP=1
2026-09-24 06:35:41.141: [INFO] BookmarksSnapshot Shutdown total=0 bar=0 other=0 mobile=0 showBar=0 showBarNTP=1
2026-09-24 06:38:12.837: [INFO] CurrentProfilePath: C:\Users\alumno\Desktop\2º\.metadata\.plugins\org.eclipse.swt\EBWebView\Default
2026-09-24 06:38:12.837: [INFO] Profiles total count: 1
2026-09-24 06:38:12.837: [INFO] Profile: name=Perfil 1 path=C:\Users\alumno\Desktop\2º\.metadata\.plugins\org.eclipse.swt\EBWebView\Default lastActive=2026-09-21T10:50:42.703Z
2026-09-24 06:38:12.837: [INFO] LastUsedProfileDir: C:\Users\alumno\Desktop\2º\.metadata\.plugins\org.eclipse.swt\EBWebView\Default
2026-09-24 06:38:12.837: [INFO] MostRecentlyActiveProfile: name=Perfil 1 path=C:\Users\alumno\Desktop\2º\.metadata\.plugins\org.eclipse.swt\EBWebView\Default lastActive=2026-09-21T10:50:42.703Z
2026-09-24 06:38:12.837: [INFO] OnDoneLoading sync enabled: 0
2026-09-24 06:38:12.837: [INFO] BookmarkModelLoaded, ids_reassigned: 0
2026-09-24 06:38:12.837: [INFO] BookmarksLoadDropped droppedNodes=0
2026-09-24 06:38:12.837: [INFO] BookmarksSnapshot Startup total=0 bar=0 other=0 mobile=0 showBar=0 showBarNTP=1
2026-09-24 06:38:48.216: [INFO] BookmarksSnapshot Shutdown total=0 bar=0 other=0 mobile=0 showBar=0 showBarNTP=1
2026-09-24 06:38:58.008: [INFO] CurrentProfilePath: C:\Users\alumno\Desktop\2º\.metadata\.plugins\org.eclipse.swt\EBWebView\Default
2026-09-24 06:38:58.008: [INFO] Profiles total count: 1
2026-09-24 06:38:58.008: [INFO] Profile: name=Perfil 1 path=C:\Users\alumno\Desktop\2º\.metadata\.plugins\org.eclipse.swt\EBWebView\Default lastActive=2026-09-21T10:50:42.703Z
2026-09-24 06:38:58.008: [INFO] LastUsedProfileDir: C:\Users\alumno\Desktop\2º\.metadata\.plugins\org.eclipse.swt\EBWebView\Default
2026-09-24 06:38:58.008: [INFO] MostRecentlyActiveProfile: name=Perfil 1 path=C:\Users\alumno\Desktop\2º\.metadata\.plugins\org.eclipse.swt\EBWebView\Default lastActive=2026-09-21T10:50:42.703Z
2026-09-24 06:38:58.008: [INFO] OnDoneLoading sync enabled: 0
2026-09-24 06:38:58.008: [INFO] BookmarkModelLoaded, ids_reassigned: 0
2026-09-24 06:38:58.008: [INFO] BookmarksLoadDropped droppedNodes=0
2026-09-24 06:38:58.008: [INFO] BookmarksSnapshot Startup total=0 bar=0 other=0 mobile=0 showBar=0 showBarNTP=1
2026-09-24 06:39:01.038: [INFO] BookmarksSnapshot Shutdown total=0 bar=0 other=0 mobile=0 showBar=0 showBarNTP=1
2026-09-24 06:40:32.748: [INFO] CurrentProfilePath: C:\Users\alumno\Desktop\2º\.metadata\.plugins\org.eclipse.swt\EBWebView\Default
2026-09-24 06:40:32.748: [INFO] Profiles total count: 1
2026-09-24 06:40:32.748: [INFO] Profile: name=Perfil 1 path=C:\Users\alumno\Desktop\2º\.metadata\.plugins\org.eclipse.swt\EBWebView\Default lastActive=2026-09-21T10:50:42.703Z
2026-09-24 06:40:32.748: [INFO] LastUsedProfileDir: C:\Users\alumno\Desktop\2º\.metadata\.plugins\org.eclipse.swt\EBWebView\Default
2026-09-24 06:40:32.748: [INFO] MostRecentlyActiveProfile: name=Perfil 1 path=C:\Users\alumno\Desktop\2º\.metadata\.plugins\org.eclipse.swt\EBWebView\Default lastActive=2026-09-21T10:50:42.703Z
2026-09-24 06:40:32.748: [INFO] OnDoneLoading sync enabled: 0
2026-09-24 06:40:32.748: [INFO] BookmarkModelLoaded, ids_reassigned: 0
2026-09-24 06:40:32.748: [INFO] BookmarksLoadDropped droppedNodes=0
2026-09-24 06:40:32.748: [INFO] BookmarksSnapshot Startup total=0 bar=0 other=0 mobile=0 showBar=0 showBarNTP=1
2026-09-24 06:40:35.492: [INFO] BookmarksSnapshot Shutdown total=0 bar=0 other=0 mobile=0 showBar=0 showBarNTP=1
2026-09-24 06:41:03.906: [INFO] CurrentProfilePath: C:\Users\alumno\Desktop\2º\.metadata\.plugins\org.eclipse.swt\EBWebView\Default
2026-09-24 06:41:03.906: [INFO] Profiles total count: 1
2026-09-24 06:41:03.906: [INFO] Profile: name=Perfil 1 path=C:\Users\alumno\Desktop\2º\.metadata\.plugins\org.eclipse.swt\EBWebView\Default lastActive=2026-09-21T10:50:42.703Z
2026-09-24 06:41:03.906: [INFO] LastUsedProfileDir: C:\Users\alumno\Desktop\2º\.metadata\.plugins\org.eclipse.swt\EBWebView\Default
2026-09-24 06:41:03.906: [INFO] MostRecentlyActiveProfile: name=Perfil 1 path=C:\Users\alumno\Desktop\2º\.metadata\.plugins\org.eclipse.swt\EBWebView\Default lastActive=2026-09-21T10:50:42.703Z
2026-09-24 06:41:03.906: [INFO] OnDoneLoading sync enabled: 0
2026-09-24 06:41:03.906: [INFO] BookmarkModelLoaded, ids_reassigned: 0
2026-09-24 06:41:03.906: [INFO] BookmarksLoadDropped droppedNodes=0
2026-09-24 06:41:03.906: [INFO] BookmarksSnapshot Startup total=0 bar=0 other=0 mobile=0 showBar=0 showBarNTP=1
